0x912836 = Error creating Windows Schedule (Null or Empty values)
0x103628 = Error converting .bat to .exe or moving .exe to APPDATA
0x715482 = Error reading converted .exe file